LTspice 24.1.10 for Windows
Circuit: C:\Users\m98sl\Python\2025-09-29__JWB\25-10-09__JWB__08-07-30\JWB_Analysis.net
Start Time: Thu Oct  9 08:07:44 2025
solver = Normal
Maximum thread count: 24
tnom = 27
temp = 27
method = trap
Direct Newton iteration for .op point succeeded.
.step k=0.1
.step k=0.2
.step k=0.3
.step k=0.4
.step k=0.5
.step k=0.6
.step k=0.7
.step k=0.8
.step k=0.9
.step k=1
Total elapsed time: 0.126 seconds.

Files loaded:
C:\Users\m98sl\Python\2025-09-29__JWB\25-10-09__JWB__08-07-30\JWB_Analysis.net

